// Jest Snapshot v1, https://goo.gl/fbAQLP

exports[`Skeleton matches the snapshot 1`] = `
<DocumentFragment>
  <div
    class="bg-muted animate-pulse rounded-md test-class"
  />
</DocumentFragment>
`;
