// Jest Snapshot v1, https://goo.gl/fbAQLP

exports[`WeatherCardSkeleton matches the snapshot 1`] = `
<DocumentFragment>
  <div
    class="flex gap-4"
  >
    <div
      class="animate-pulse h h-[100px] w-[240px] max-w-sm overflow-hidden rounded-lg bg-gray-300 opacity-80 shadow-md"
    >
      <div
        class="bg-muted animate-pulse rounded-md flex flex-col gap-4 p-4"
      >
        <div
          class="animate-pulse rounded-md mb-2 h-4 w-full bg-gray-700"
        />
        <div
          class="animate-pulse rounded-md h-6 w-full bg-gray-700"
        />
      </div>
    </div>
    <div
      class="animate-pulse h h-[100px] w-[240px] max-w-sm overflow-hidden rounded-lg bg-gray-300 opacity-80 shadow-md"
    >
      <div
        class="bg-muted animate-pulse rounded-md flex flex-col gap-4 p-4"
      >
        <div
          class="animate-pulse rounded-md mb-2 h-4 w-full bg-gray-700"
        />
        <div
          class="animate-pulse rounded-md h-6 w-full bg-gray-700"
        />
      </div>
    </div>
    <div
      class="animate-pulse h h-[100px] w-[240px] max-w-sm overflow-hidden rounded-lg bg-gray-300 opacity-80 shadow-md"
    >
      <div
        class="bg-muted animate-pulse rounded-md flex flex-col gap-4 p-4"
      >
        <div
          class="animate-pulse rounded-md mb-2 h-4 w-full bg-gray-700"
        />
        <div
          class="animate-pulse rounded-md h-6 w-full bg-gray-700"
        />
      </div>
    </div>
    <div
      class="animate-pulse h h-[100px] w-[240px] max-w-sm overflow-hidden rounded-lg bg-gray-300 opacity-80 shadow-md"
    >
      <div
        class="bg-muted animate-pulse rounded-md flex flex-col gap-4 p-4"
      >
        <div
          class="animate-pulse rounded-md mb-2 h-4 w-full bg-gray-700"
        />
        <div
          class="animate-pulse rounded-md h-6 w-full bg-gray-700"
        />
      </div>
    </div>
  </div>
</DocumentFragment>
`;
